      int
      float
      char
      void
+------------------------------------------------------------------+
      a int
+------------------------------------------------------------------+
