      int
      float
      char
      void
+------------------------------------------------------------------+
      c char
+------------------------------------------------------------------+
