      int
      float
      char
      void
+------------------------------------------------------------------+
      a int*
      b void*
      d float**
      c char****
+------------------------------------------------------------------+
