      int
      float
      char
      void
+------------------------------------------------------------------+
      b int
      c [10]int
      a int
      d float*
      x [10]float**
      abc [10][20][30]float***
      cx char*
      string [][20]char*
+------------------------------------------------------------------+
