      int
      float
      char
      void
+------------------------------------------------------------------+
      a function(int, float, char, int) returning int
+------------------------------------------------------------------+
