      int
      float
      char
      void
+------------------------------------------------------------------+
  
    Function main()
    Params:
              argc int
              argv pointer to pointer to char
    Value:
        int

+------------------------------------------------------------------+
