      int
      float
      char
      void
+------------------------------------------------------------------+
      foo function(array[] of int) returning int
+------------------------------------------------------------------+
