      int
      float
      char
      void
+------------------------------------------------------------------+
      a const float
      sqrt function(float) returning const float
      swap function(pointer to float, pointer to float) returning const float
      avrg function(array[] of float, int) returning const float
      qsort function(array[] of float, int, int, int) returning const float
+------------------------------------------------------------------+
