      int
      float
      char
      void
+------------------------------------------------------------------+
      a
      Function ()

        Locals:
                      b int


      Value:
            int

+------------------------------------------------------------------+
