      int
      float
      char
      void
+------------------------------------------------------------------+
      main
      Function ()
      Params:
                  argc int
                  argv array[] of pointer to char

        Locals:
                      a int
                      b int
                      c int

        Instructions:
          Locals:
                          a int

          Instructions:
            Locals:
                              a int
                              b pointer to void
                              c array[10] of pointer to char




      Value:
            int

+------------------------------------------------------------------+
