      int
      float
      char
      void
+------------------------------------------------------------------+
      struct point
              x int
              y int
              z int
      $a point
      $b point
      $c point
+------------------------------------------------------------------+
