      int
      float
      char
      void
+------------------------------------------------------------------+
      struct a
              a const int
              b int
              c int
+------------------------------------------------------------------+
