      int
      float
      char
      void
+------------------------------------------------------------------+
      intp alias for pointer to int
+------------------------------------------------------------------+
