      int
      float
      char
      void
+------------------------------------------------------------------+
      intconst alias for const int
      a const int
      b const int
      c const int
+------------------------------------------------------------------+
