      int
      float
      char
      void
+------------------------------------------------------------------+
      Int alias for int
      b const int
+------------------------------------------------------------------+
