      int
      float
      char
      void
+------------------------------------------------------------------+
      struct point
      sp alias for point
      spp alias for point*
  
    Function foo()
    Params:
               point
               point
               point*
    Value:
        point

  
    Function bar()
    Params:
               point
               point*
               point
               point*
              a point
               point*
              b point*
    Value:
        point

+------------------------------------------------------------------+
