      int
      float
      char
      void
+------------------------------------------------------------------+
      main
      Function ()

        Locals:
                      a int

        Instructions:
          if

            a

          then

            a
            ++
          else

            a
            --


      Value:
            int

+------------------------------------------------------------------+
