+------------------------------------------------------------------+
Undefined name
On line 8 col 6
+------------------------------------------------------------------+
