+------------------------------------------------------------------+
Undefined name
On line 7 col 6
+------------------------------------------------------------------+
