      int
      float
      char
      void
+------------------------------------------------------------------+
  
    Function main()

      Locals:
                  i int
                  n int

      Instructions:
        for (;;) ..
        First action:
            i
          =
            0
        Condition:
        Step:
        Block:
            <empty block>

        for (;;) ..
        First action:
        Condition:
            i
          <
            n
        Step:
        Block:
            <empty block>

        for (;;) ..
        First action:
        Condition:
        Step:
          i
          ++
        Block:
            <empty block>

        for (;;) ..
        First action:
            i
          =
            0
        Condition:
            i
          <
            n
        Step:
        Block:
            <empty block>

        for (;;) ..
        First action:
            i
          =
            0
        Condition:
        Step:
          i
          ++
        Block:
            <empty block>

        for (;;) ..
        First action:
        Condition:
            i
          <
            n
        Step:
          i
          ++
        Block:
            <empty block>



    Value:
        int

+------------------------------------------------------------------+
