      int
      float
      char
      void
+------------------------------------------------------------------+
  
    Function main()

      Instructions:
        return
        return
          0
        for (;;) ..
        First action:
          <empty expression>
        Condition:
          <empty expression>
        Step:
          <empty expression>
        Block:
          break
        while () do ..
        Condition:
          1
        Block:
          continue


    Value:
        int

+------------------------------------------------------------------+
