      int
      float
      char
      void
+------------------------------------------------------------------+
  
    Function foo()

      Locals:
                  a int

      Instructions:
          a
        =
          1


    Value:
        int

+------------------------------------------------------------------+
