      int
      float
      char
      void
+------------------------------------------------------------------+
      foo
      Function ()

        Locals:
                      a int
                      b int
                      c int
                      d int

        Instructions:
            a
          =
            1
            c
          =
            3
            d
          =
              a
            *
                c
              *
                1


      Value:
            int

+------------------------------------------------------------------+
