      int
      float
      char
      void
+------------------------------------------------------------------+
      main
      Function ()

        Locals:
                      ix function(pointer to function() returning int) returning pointer to void
                      x function(function() returning pointer to array[3] of pointer to function() returning pointer to array[5] of array[5] of pointer to int) returning int


      Value:
            int

+------------------------------------------------------------------+
