+------------------------------------------------------------------+
Invalid type of unary operation
On line 3 col 1
+------------------------------------------------------------------+
