+------------------------------------------------------------------+
Invalid type of operands
On line 3 col 3
+------------------------------------------------------------------+
