      int
      float
      char
      void
+------------------------------------------------------------------+
      main
      Function ()

        Locals:
                      struct point
                              x int
                              y int
                      $a struct point
                      $b struct point

        Instructions:
            $a
          .
            x
            $a
          .
            y
            $b
          .
            x
            $b
          .
            y


      Value:
            int

+------------------------------------------------------------------+
