      int
      float
      char
      void
+------------------------------------------------------------------+
      main
      Function ()

        Locals:
                      a array[10] of int

        Instructions:
          a
          [
            1
          ]


      Value:
            int

+------------------------------------------------------------------+
