+------------------------------------------------------------------+
Expression must have a pointer-to-object type
On line 6 col 10
+------------------------------------------------------------------+
