      int
      float
      char
      void
+------------------------------------------------------------------+
      main
      Function ()

        Locals:
                      struct point
                              x int
                              y int
                      x pointer to struct point

        Instructions:
            x
          ->
            x
            x
          ->
            y


      Value:
            int

+------------------------------------------------------------------+
