      int
      float
      char
      void
+------------------------------------------------------------------+
      main
      Function ()

        Instructions:
                3
              +
                float                (
                    int                    (
                      char                      (
                        3
                      )
                    )
                  *
                    int                    (
                      'a'
                    )
                )
            -
                float                (
                  int                  (
                    'c'
                  )
                )
              *
                  float                  (
                    int                    (
                      'y'
                    )
                  )
                /
                  1
          +
            float            (
              3
            )
            3
          /
            1
            float            (
              3
            )
          /
            1


      Value:
            int

+------------------------------------------------------------------+
