+------------------------------------------------------------------+
Cannot perform conversion
On line 4 col 5
+------------------------------------------------------------------+
