      int
      float
      char
      void
+------------------------------------------------------------------+
      main
      Function ()

        Locals:
                      a array[10] of array[10] of array[10] of int
                      i int

        Instructions:
          &
            a
          &
            a
            [
              i
            ]
          &
            a
            [
              i
            ,
              i
            ]
          &
            a
            [
              i
            ,
              i
            ,
              i
            ]


      Value:
            int

+------------------------------------------------------------------+
