+------------------------------------------------------------------+
Cannot perform conversion
On line 5 col 6
+------------------------------------------------------------------+
