      int
      float
      char
      void
+------------------------------------------------------------------+
      main
      Function ()

        Locals:
                      f function(pointer to function() returning int) returning int
                      x function() returning int

        Instructions:
          f
          (
            &
              x
          )


      Value:
            int

+------------------------------------------------------------------+
