+------------------------------------------------------------------+
Expression must have arithmetic type
On line 4 col 1
+------------------------------------------------------------------+
