Integer		1		1		1		1
+------------------------------------------------------------------+
Integer		2		1		143		143
+------------------------------------------------------------------+
Float		3		1		13.4		13.400000
+------------------------------------------------------------------+
Float		4		1		0.3		0.300000
+------------------------------------------------------------------+
Float		5		1		.3		0.300000
+------------------------------------------------------------------+
Float		6		1		1e10		10000000000.000000
+------------------------------------------------------------------+
Float		7		1		1e-10		0.000000
+------------------------------------------------------------------+
Float		8		1		1e+10		10000000000.000000
+------------------------------------------------------------------+
Float		9		1		.3e-1		0.030000
+------------------------------------------------------------------+
