Operation		1		1		+		+
+------------------------------------------------------------------+
Operation		1		2		-		-
+------------------------------------------------------------------+
Operation		1		4		++		++
+------------------------------------------------------------------+
Operation		1		7		--		--
+------------------------------------------------------------------+
Operation		1		10		-		-
+------------------------------------------------------------------+
Operation		1		11		+		+
+------------------------------------------------------------------+
Operation		1		12		++		++
+------------------------------------------------------------------+
Operation		1		15		-		-
+------------------------------------------------------------------+
