  float  (
    int    (
      5.7
    )
  )
+
  float  (
    1
  )
