+------------------------------------------------------------------+
Expected open parenthesis
On line 1 col 12
+------------------------------------------------------------------+
