+------------------------------------------------------------------+
Empty expression is not allowed
On line 1 col 1
+------------------------------------------------------------------+
