start: 0 0

end: 0 1

start: 0 0

end: 0 3

start: 0 0

end: 1 1

start: 0 0

end: 5 5

